nohup: ignoring input
[1m[34mTerminating existing preview server....[39m[22m[1m[34mDONE
[39m[22m
[1m[34mPreparing to preview[39m[22m

[32mWatching files for changes[39m
[32mBrowse at [39m[4m[32mhttp://localhost:6839/[39m[24m
Listening on http://127.0.0.1:6839/
Opening in existing browser session.
[32mGET: /[39m
[32mGET: /proposal-details.html[39m
[32mGET: /materials.html[39m
[32mGET: /proposal-details.html[39m
[32mGET: /[39m
[1mpandoc [22m
  to: html
  output-file: materials.html
  standalone: true
  title-prefix: Text Mining Workshop
  section-divs: true
  html-math-method: mathjax
  wrap: none
  default-image-extension: png
  css:
    - styles.css
  toc: true
  toc-depth: 3
  variables: {}
  
[1mmetadata[22m
  document-css: false
  link-citations: true
  date-format: long
  lang: en
  theme: cosmo
  code-copy: true
  smooth-scroll: true
  title: Workshop Materials
  subtitle: Release hub for notebooks, slides, and datasets
  
[32mGET: /materials.html[39m
